// Jest Snapshot v1, https://goo.gl/fbAQLP

exports[`<Request /> should render correctly 1`] = `
<Request
  indexpath={
    Object {
      "addComment": "/request/add-comment",
      "approve": "/request/approve",
      "deny": "/request/deny",
      "index": "/request",
    }
  }
  isExpanded={false}
  item={
    Object {
      "actions": Array [
        Object {
          "comments": null,
          "id": "1",
          "operation": "start",
          "processed_by": "system",
        },
        Object {
          "comments": null,
          "id": "2",
          "operation": "notify",
          "processed_by": "system",
        },
      ],
      "group_name": "Group1",
      "id": "111",
      "metadata": Object {
        "user_capabilities": Object {
          "approve": true,
          "deny": true,
        },
      },
      "state": "no-state",
    }
  }
  toggleExpand={[MockFunction]}
>
  <DataListItem
    aria-labelledby="check-request-111"
    isExpanded={false}
    key="request-111"
  >
    <li
      aria-labelledby="check-request-111"
      className="pf-c-data-list__item"
      id=""
    >
      <DataListItemRow
        key=".0"
        rowid="check-request-111"
      >
        <div
          className="pf-c-data-list__item-row"
        >
          <DataListToggle
            aria-label="Toggle details for"
            aria-labelledby="request-111 request-111"
            id="request-111"
            isExpanded={false}
            key=".0"
            onClick={[Function]}
            rowid="check-request-111"
          >
            <div
              aria-labelledby="request-111 request-111"
              className="pf-c-data-list__item-control"
              onClick={[Function]}
            >
              <div
                className="pf-c-data-list__toggle"
              >
                <Button
                  aria-controls={false}
                  aria-expanded={false}
                  aria-label="Toggle details for"
                  aria-labelledby={null}
                  id="request-111"
                  variant="plain"
                >
                  <button
                    aria-controls={false}
                    aria-disabled={false}
                    aria-expanded={false}
                    aria-label="Toggle details for"
                    aria-labelledby={null}
                    className="pf-c-button pf-m-plain"
                    data-ouia-component-id={0}
                    data-ouia-component-type="PF4/Button"
                    data-ouia-safe={true}
                    disabled={false}
                    id="request-111"
                    type="button"
                  >
                    <div
                      className="pf-c-data-list__toggle-icon"
                    >
                      <AngleRightIcon
                        color="currentColor"
                        noVerticalAlign={false}
                        size="sm"
                      >
                        <svg
                          aria-hidden={true}
                          aria-labelledby={null}
                          fill="currentColor"
                          height="1em"
                          role="img"
                          style={
                            Object {
                              "verticalAlign": "-0.125em",
                            }
                          }
                          viewBox="0 0 256 512"
                          width="1em"
                        >
                          <path
                            d="M224.3 273l-136 136c-9.4 9.4-24.6 9.4-33.9 0l-22.6-22.6c-9.4-9.4-9.4-24.6 0-33.9l96.4-96.4-96.4-96.4c-9.4-9.4-9.4-24.6 0-33.9L54.3 103c9.4-9.4 24.6-9.4 33.9 0l136 136c9.5 9.4 9.5 24.6.1 34z"
                            transform=""
                          />
                        </svg>
                      </AngleRightIcon>
                    </div>
                  </button>
                </Button>
              </div>
            </div>
          </DataListToggle>
          <DataListItemCells
            dataListCells={
              Array [
                <DataListCell>
                  <span
                    id="111-name"
                  >
                    Group1
                  </span>
                </DataListCell>,
                <DataListCell>
                  <span
                    id="111-state"
                    style={
                      Object {
                        "textTransform": "capitalize",
                      }
                    }
                  >
                    no-state
                  </span>
                </DataListCell>,
                <DataListCell>
                  <RequestActions
                    approveLink="/request/approve"
                    canApproveDeny={true}
                    canComment={true}
                    commentLink="/request/add-comment"
                    denyLink="/request/deny"
                    request={
                      Object {
                        "actions": Array [
                          Object {
                            "comments": null,
                            "id": "1",
                            "operation": "start",
                            "processed_by": "system",
                          },
                          Object {
                            "comments": null,
                            "id": "2",
                            "operation": "notify",
                            "processed_by": "system",
                          },
                        ],
                        "group_name": "Group1",
                        "id": "111",
                        "metadata": Object {
                          "user_capabilities": Object {
                            "approve": true,
                            "deny": true,
                          },
                        },
                        "state": "no-state",
                      }
                    }
                  />
                </DataListCell>,
              ]
            }
            key=".1"
            rowid="check-request-111"
          >
            <div
              className="pf-c-data-list__item-content"
            >
              <DataListCell
                key="111"
              >
                <div
                  className="pf-c-data-list__cell"
                >
                  <span
                    id="111-name"
                  >
                    Group1
                  </span>
                </div>
              </DataListCell>
              <DataListCell
                key="111-state"
              >
                <div
                  className="pf-c-data-list__cell"
                >
                  <span
                    id="111-state"
                    style={
                      Object {
                        "textTransform": "capitalize",
                      }
                    }
                  >
                    no-state
                  </span>
                </div>
              </DataListCell>
              <DataListCell
                key="111-action"
              >
                <div
                  className="pf-c-data-list__cell"
                >
                  <RequestActions
                    approveLink="/request/approve"
                    canApproveDeny={true}
                    canComment={true}
                    commentLink="/request/add-comment"
                    denyLink="/request/deny"
                    request={
                      Object {
                        "actions": Array [
                          Object {
                            "comments": null,
                            "id": "1",
                            "operation": "start",
                            "processed_by": "system",
                          },
                          Object {
                            "comments": null,
                            "id": "2",
                            "operation": "notify",
                            "processed_by": "system",
                          },
                        ],
                        "group_name": "Group1",
                        "id": "111",
                        "metadata": Object {
                          "user_capabilities": Object {
                            "approve": true,
                            "deny": true,
                          },
                        },
                        "state": "no-state",
                      }
                    }
                  >
                    <div
                      style={
                        Object {
                          "display": "flex",
                        }
                      }
                    />
                  </RequestActions>
                </div>
              </DataListCell>
            </div>
          </DataListItemCells>
        </div>
      </DataListItemRow>
      <DataListContent
        aria-label="Request Content Details"
        isHidden={true}
        key=".1"
        rowid="check-request-111"
      >
        <section
          aria-label="Request Content Details"
          className="pf-c-data-list__expandable-content"
          hidden={true}
          id=""
        >
          <div
            className="pf-c-data-list__expandable-content-body"
          >
            <Stack
              hasGutter={true}
            >
              <div
                className="pf-l-stack pf-m-gutter"
              >
                <StackItem>
                  <div
                    className="pf-l-stack__item"
                  >
                    <TextContent
                      component="h6"
                    >
                      <div
                        className="pf-c-content"
                        component="h6"
                      >
                        <ActionTranscript
                          actionList={
                            Array [
                              Object {
                                "comments": null,
                                "id": "1",
                                "operation": "start",
                                "processed_by": "system",
                              },
                              Object {
                                "comments": null,
                                "id": "2",
                                "operation": "notify",
                                "processed_by": "system",
                              },
                            ]
                          }
                        >
                          <Stack>
                            <div
                              className="pf-l-stack"
                            >
                              <div
                                key="1-action"
                              >
                                <TextContent>
                                  <div
                                    className="pf-c-content"
                                  >
                                    <Text
                                      className="pf-u-mb-0"
                                      component="small"
                                      key="1-action-created_at"
                                    >
                                      <small
                                        className="pf-u-mb-0"
                                        data-pf-content={true}
                                      >
                                        <span>
                                          <DateFormat
                                            type="relative"
                                          >
                                            Invalid date
                                          </DateFormat>
                                        </span>
                                      </small>
                                    </Text>
                                    <Text
                                      className="pf-u-mb-md"
                                      key="1-action-operation"
                                    >
                                      <p
                                        className="pf-u-mb-md"
                                        data-pf-content={true}
                                      >
                                        <OnRunningIcon
                                          color="currentColor"
                                          noVerticalAlign={false}
                                          size="sm"
                                        >
                                          <svg
                                            aria-hidden={true}
                                            aria-labelledby={null}
                                            fill="currentColor"
                                            height="1em"
                                            role="img"
                                            style={
                                              Object {
                                                "verticalAlign": "-0.125em",
                                              }
                                            }
                                            viewBox="0 64 1024 1024"
                                            width="1em"
                                          >
                                            <path
                                              d="M511.781-73.143c-70.656 0-136.923 13.312-198.875 40.009s-116.078 63.269-162.45 109.934c-46.299 46.665-82.944 100.937-109.934 162.962s-40.448 128.293-40.448 198.875 13.458 136.923 40.448 198.875 63.634 116.078 109.934 162.45c46.299 46.299 100.425 82.944 162.45 109.934s128.293 40.448 198.875 40.448 136.923-13.458 198.875-40.448 116.078-63.634 162.45-109.934c46.299-46.299 82.944-100.425 109.934-162.45s40.448-128.293 40.448-198.875-13.458-136.923-40.448-198.875-63.634-116.297-109.934-162.962-100.425-83.31-162.45-109.934-128.293-40.009-198.875-40.009v0zM361.326 795.94c-46.958-20.334-88.137-48.128-123.465-83.456s-63.122-76.434-83.456-123.465-30.501-97.134-30.501-150.455 10.167-103.643 30.501-150.894c20.334-47.323 48.128-88.43 83.456-123.465s76.434-62.61 123.465-82.944 97.134-30.501 150.455-30.501 103.424 10.167 150.455 30.501c46.958 20.334 88.137 47.982 123.465 82.944s63.122 76.142 83.456 123.465 30.501 97.646 30.501 150.894-10.167 103.424-30.501 150.455c-20.334 46.958-48.128 88.137-83.456 123.465s-76.434 63.122-123.465 83.456-97.134 30.501-150.455 30.501c-53.321 0-103.424-10.167-150.455-30.501v0zM730.697 498.395c1.975-8.119 2.414-19.383-1.17-26.331-7.387-14.263-16.457-26.99-26.185-40.96-83.017-119.296-158.135-200.485-249.71-305.371-17.993-20.626-34.889-13.751-42.057-9.070-15.579 10.24-15.799 29.769-7.314 52.297 9.801 25.966 20.48 57.783 29.842 79.799 22.455 52.736 20.187 58.075 41.911 114.907-52.297-0.1024-127.781-0.951-180.078-1.463-15.067-0.146-33.499 1.902-39.497 16.311-5.778 13.751-0.146 26.039 8.558 38.107 64.146 89.381 172.617 212.626 248.174 294.546 6.51 7.022 30.062 23.333 43.739 21.358 10.825-1.536 21.87 1.243 26.843-9.289 5.851-12.434 2.706-25.746-2.56-37.23-22.016-48.347-45.714-118.638-71.095-174.519 50.615-0.073 144.53-0.073 195.145-0.146 8.558 0 18.432-0.731 23.406-8.046 1.024-1.536 1.755-3.145 2.121-4.901v0z"
                                              transform="rotate(180 0 512) scale(-1 1)"
                                            />
                                          </svg>
                                        </OnRunningIcon>
                                         
                                        Started by system
                                      </p>
                                    </Text>
                                  </div>
                                </TextContent>
                              </div>
                              <div
                                key="2-action"
                              >
                                <TextContent>
                                  <div
                                    className="pf-c-content"
                                  >
                                    <Text
                                      className="pf-u-mb-0"
                                      component="small"
                                      key="2-action-created_at"
                                    >
                                      <small
                                        className="pf-u-mb-0"
                                        data-pf-content={true}
                                      >
                                        <span>
                                          <DateFormat
                                            type="relative"
                                          >
                                            Invalid date
                                          </DateFormat>
                                        </span>
                                      </small>
                                    </Text>
                                    <Text
                                      className="pf-u-mb-md"
                                      key="2-action-operation"
                                    >
                                      <p
                                        className="pf-u-mb-md"
                                        data-pf-content={true}
                                      >
                                        <EnvelopeIcon
                                          color="currentColor"
                                          noVerticalAlign={false}
                                          size="sm"
                                        >
                                          <svg
                                            aria-hidden={true}
                                            aria-labelledby={null}
                                            fill="currentColor"
                                            height="1em"
                                            role="img"
                                            style={
                                              Object {
                                                "verticalAlign": "-0.125em",
                                              }
                                            }
                                            viewBox="0 0 512 512"
                                            width="1em"
                                          >
                                            <path
                                              d="M502.3 190.8c3.9-3.1 9.7-.2 9.7 4.7V400c0 26.5-21.5 48-48 48H48c-26.5 0-48-21.5-48-48V195.6c0-5 5.7-7.8 9.7-4.7 22.4 17.4 52.1 39.5 154.1 113.6 21.1 15.4 56.7 47.8 92.2 47.6 35.7.3 72-32.8 92.3-47.6 102-74.1 131.6-96.3 154-113.7zM256 320c23.2.4 56.6-29.2 73.4-41.4 132.7-96.3 142.8-104.7 173.4-128.7 5.8-4.5 9.2-11.5 9.2-18.9v-19c0-26.5-21.5-48-48-48H48C21.5 64 0 85.5 0 112v19c0 7.4 3.4 14.3 9.2 18.9 30.6 23.9 40.7 32.4 173.4 128.7 16.8 12.2 50.2 41.8 73.4 41.4z"
                                              transform=""
                                            />
                                          </svg>
                                        </EnvelopeIcon>
                                         
                                        Notified by system
                                      </p>
                                    </Text>
                                  </div>
                                </TextContent>
                              </div>
                            </div>
                          </Stack>
                        </ActionTranscript>
                      </div>
                    </TextContent>
                  </div>
                </StackItem>
              </div>
            </Stack>
          </div>
        </section>
      </DataListContent>
    </li>
  </DataListItem>
</Request>
`;
